You awake in a daze to find yourself alone in the dead of night, surrounded by headstones...
You must escape this graveyard.
================================================================
Not much to see here.
0, 0> ================================================================
A towering wall is before you. This must be the edge of the graveyard.
0, 0> ================================================================
A towering wall is before you. This must be the edge of the graveyard.
0, 0> ================================================================
A towering wall is before you. This must be the edge of the graveyard.
0, 0> ================================================================
A towering wall is before you. This must be the edge of the graveyard.
0, 0> ================================================================
Not much to see here.
1, 0> ================================================================
Not much to see here.
1, 1> ================================================================
Not much to see here.
1, 2> ================================================================
Not much to see here.
A bony arm juts out of the ground and grabs your ankle!
You've been dragged six feet under by a skeleton.
================================================================
You did not escape the graveyard. GAME OVER
Game ended after 8 turn(s).
  LOCATION: 1, 3
  COINS:    0
  KEY:      False
  DEAD:     True
