You awake in a daze to find yourself alone in the dead of night, surrounded by headstones...
You must escape this graveyard.
================================================================
Not much to see here.
0, 0> ================================================================
Not much to see here.
1, 0> ================================================================
Not much to see here.
2, 0> ================================================================
Not much to see here.
2, 0> ================================================================
Not much to see here.
2, 1> ================================================================
Not much to see here.
2, 1> ================================================================
You see a key on the ground! Might need that to get out of here...
2, 1> ================================================================
You see a key on the ground! Might need that to get out of here...
You picked up a key!
2, 2> ================================================================
Not much to see here.
2, 2> ================================================================
Not much to see here.
2, 2> ================================================================
Not much to see here.
2, 1> ================================================================
Not much to see here.
2, 1> ================================================================
Not much to see here.
3, 1> ================================================================
Not much to see here.
3, 1> ================================================================
Not much to see here.
3, 1> ================================================================
Not much to see here.
A bony arm juts out of the ground and grabs your ankle!
You've been dragged six feet under by a skeleton.
================================================================
You did not escape the graveyard. GAME OVER
Game ended after 15 turn(s).
  LOCATION: 3, 2
  COINS:    0
  KEY:      True
  DEAD:     True
